******************************************************************************
                  TI ARM Linker PC v15.12.1                    
******************************************************************************
>> Linked Sun Sep 04 13:24:54 2016

OUTPUT FILE NAME:   <RGB.out>
ENTRY POINT SYMBOL: "_c_int00"  address: 00001145


MEMORY CONFIGURATION

         name            origin    length      used     unused   attr    fill
----------------------  --------  ---------  --------  --------  ----  --------
  MAIN                  00000000   00040000  000012ee  0003ed12  R  X
  INFO                  00200000   00004000  00000000  00004000  R  X
  SRAM_CODE             01000000   00010000  00000256  0000fdaa  RW X
  SRAM_DATA             20000000   00010000  00000256  0000fdaa  RW  


SEGMENT ALLOCATION MAP

run origin  load origin   length   init length attrs members
----------  ----------- ---------- ----------- ----- -------
00000000    00000000    000012f4   000012f4    r-x
  00000000    00000000    000000e4   000000e4    r-- .intvecs
  000000e4    000000e4    000011c6   000011c6    r-x .text
  000012b0    000012b0    00000044   00000044    r-- .cinit
20000000    20000000    00000056   00000000    rw-
  20000000    20000000    00000044   00000000    rw- .data
  20000044    20000044    00000012   00000000    rw- .bss
2000fe00    2000fe00    00000200   00000000    rw-
  2000fe00    2000fe00    00000200   00000000    rw- .stack


SECTION ALLOCATION MAP

 output                                  attributes/
section   page    origin      length       input sections
--------  ----  ----------  ----------   ----------------
.intvecs   0    00000000    000000e4     
                  00000000    000000e4     startup_msp432p401r_ccs.obj (.intvecs:retain)

.binit     0    00000000    00000000     

.text      0    000000e4    000011c6     
                  000000e4    000004e4     blink.obj (.text)
                  000005c8    0000032c     system_msp432p401r.obj (.text)
                  000008f4    000002c0     RGB.obj (.text)
                  00000bb4    00000136     rtsv7M4_T_le_v4SPD16_eabi.lib : fd_div_t2.obj (.text)
                  00000cea    000000fc                                   : fd_mul_t2.obj (.text)
                  00000de6    00000002                                   : mpu_init.obj (.text)
                  00000de8    000000e4     uart.obj (.text)
                  00000ecc    0000009c     rtsv7M4_T_le_v4SPD16_eabi.lib : memcpy_t2.obj (.text)
                  00000f68    00000086                                   : fd_cmp_t2.obj (.text:__aeabi_cdcmple)
                  00000fee    0000007a                                   : memset_t2.obj (.text)
                  00001068    00000070                                   : autoinit.obj (.text)
                  000010d8    0000006a                                   : copy_decompress_rle.obj (.text)
                  00001142    00000002                                   : startup.obj (.text)
                  00001144    00000054                                   : boot.obj (.text)
                  00001198    00000054                                   : exit.obj (.text)
                  000011ec    0000004c                                   : cpy_tbl.obj (.text)
                  00001238    00000020                                   : u_tofd_t2.obj (.text)
                  00001258    00000018                                   : args_main.obj (.text)
                  00001270    00000014                                   : _lock.obj (.text)
                  00001284    0000000e                                   : copy_decompress_none.obj (.text:decompress:none)
                  00001292    0000000e     startup_msp432p401r_ccs.obj (.text)
                  000012a0    00000006     rtsv7M4_T_le_v4SPD16_eabi.lib : copy_decompress_rle.obj (.text:decompress:rle24)
                  000012a6    00000004                                   : pre_init.obj (.text)

.cinit     0    000012b0    00000044     
                  000012b0    00000020     (.cinit..data.load) [load image, compression = rle]
                  000012d0    00000009     (.cinit..bss.load) [load image, compression = rle]
                  000012d9    00000003     --HOLE-- [fill = 0]
                  000012dc    00000008     (__TI_handler_table)
                  000012e4    00000010     (__TI_cinit_table)

.init_array 
*          0    00000000    00000000     UNINITIALIZED

.data      0    20000000    00000044     UNINITIALIZED
                  20000000    00000014     blink.obj (.data:data)
                  20000014    0000000c     rtsv7M4_T_le_v4SPD16_eabi.lib : exit.obj (.data:$O1$$)
                  20000020    0000000c     blink.obj (.data)
                  2000002c    00000008     rtsv7M4_T_le_v4SPD16_eabi.lib : _lock.obj (.data:$O1$$)
                  20000034    00000006     RGB.obj (.data)
                  2000003a    00000002     --HOLE--
                  2000003c    00000004     rtsv7M4_T_le_v4SPD16_eabi.lib : stkdepth_vars.obj (.data)
                  20000040    00000004     system_msp432p401r.obj (.data)

.bss       0    20000044    00000012     UNINITIALIZED
                  20000044    00000002     (.common:RGB_BrightHigh)
                  20000046    00000002     (.common:RGB_BrightMod)
                  20000048    00000002     (.common:RGB_ColorMod)
                  2000004a    00000002     (.common:RGB_PulseHigh)
                  2000004c    00000002     (.common:RGB_PulseWidth)
                  2000004e    00000002     (.common:RGB_SatBlue)
                  20000050    00000002     (.common:RGB_SatGreen)
                  20000052    00000002     (.common:RGB_SatRed)
                  20000054    00000002     (.common:RGB_State)

.stack     0    2000fe00    00000200     UNINITIALIZED
                  2000fe00    00000200     --HOLE--

MODULE SUMMARY

       Module                        code   ro data   rw data
       ------                        ----   -------   -------
    .\
       blink.obj                     1252   0         64     
       system_msp432p401r.obj        812    0         8      
       RGB.obj                       704    0         48     
       startup_msp432p401r_ccs.obj   14     228       0      
       uart.obj                      228    0         0      
    +--+-----------------------------+------+---------+---------+
       Total:                        3010   228       120    
                                                             
    C:\ti\ccsv6\tools\compiler\ti-cgt-arm_15.12.1.LTS\lib\rtsv7M4_T_le_v4SPD16_eabi.lib
       fd_div_t2.obj                 310    0         0      
       fd_mul_t2.obj                 252    0         0      
       memcpy_t2.obj                 156    0         0      
       fd_cmp_t2.obj                 134    0         0      
       memset_t2.obj                 122    0         0      
       autoinit.obj                  112    0         0      
       copy_decompress_rle.obj       112    0         0      
       exit.obj                      84     0         24     
       boot.obj                      84     0         0      
       cpy_tbl.obj                   76     0         0      
       _lock.obj                     20     0         16     
       u_tofd_t2.obj                 32     0         0      
       args_main.obj                 24     0         0      
       copy_decompress_none.obj      14     0         0      
       stkdepth_vars.obj             0      0         8      
       pre_init.obj                  4      0         0      
       mpu_init.obj                  2      0         0      
       startup.obj                   2      0         0      
    +--+-----------------------------+------+---------+---------+
       Total:                        1540   0         48     
                                                             
       Stack:                        0      0         1024   
       Linker Generated:             0      65        0      
    +--+-----------------------------+------+---------+---------+
       Grand Total:                  4550   293       1192   


LINKER GENERATED COPY TABLES

__TI_cinit_table @ 000012e4 records: 2, size/record: 8, table size: 16
	.data: load addr=000012b0, load size=00000020 bytes, run addr=20000000, run size=00000044 bytes, compression=rle
	.bss: load addr=000012d0, load size=00000009 bytes, run addr=20000044, run size=00000012 bytes, compression=rle


LINKER GENERATED HANDLER TABLE

__TI_handler_table @ 000012dc records: 2, size/record: 4, table size: 8
	index: 0, handler: __TI_decompress_rle24
	index: 1, handler: __TI_decompress_none


GLOBAL SYMBOLS: SORTED ALPHABETICALLY BY Name 

address   name                           
-------   ----                           
0000129f  ADC14_IRQHandler               
0000129f  AES256_IRQHandler              
0000129f  BusFault_Handler               
00001199  C$$EXIT                        
0000129f  COMP_E0_IRQHandler             
0000129f  COMP_E1_IRQHandler             
0000129f  CS_IRQHandler                  
0000129f  DMA_ERR_IRQHandler             
0000129f  DMA_INT0_IRQHandler            
0000129f  DMA_INT1_IRQHandler            
0000129f  DMA_INT2_IRQHandler            
0000129f  DMA_INT3_IRQHandler            
0000129f  DebugMon_Handler               
0000129f  Default_Handler                
000004e7  EUSCIA0_IRQHandler             
000004e7  EUSCIA0_IRQHandler             
0000129f  EUSCIA1_IRQHandler             
0000129f  EUSCIA2_IRQHandler             
0000129f  EUSCIA3_IRQHandler             
0000129f  EUSCIB0_IRQHandler             
0000129f  EUSCIB1_IRQHandler             
0000129f  EUSCIB2_IRQHandler             
0000129f  EUSCIB3_IRQHandler             
0000129f  FLCTL_IRQHandler               
0000129f  FPU_IRQHandler                 
000001cd  FSM                            
0000129f  HardFault_Handler              
0000129f  MemManage_Handler              
0000129f  NMI_Handler                    
0000129f  PCM_IRQHandler                 
0000041d  PORT1_IRQHandler               
0000041d  PORT1_IRQHandler               
0000129f  PORT2_IRQHandler               
0000129f  PORT3_IRQHandler               
0000129f  PORT4_IRQHandler               
0000129f  PORT5_IRQHandler               
0000129f  PORT6_IRQHandler               
0000129f  PSS_IRQHandler                 
0000129f  PendSV_Handler                 
00000e6b  Putc                           
00000e43  Puts                           
20000044  RGB_BrightHigh                 
20000046  RGB_BrightMod                  
20000048  RGB_ColorMod                   
00000a01  RGB_HandleColor                
000008f5  RGB_Init                       
2000004a  RGB_PulseHigh                  
2000004c  RGB_PulseWidth                 
2000004e  RGB_SatBlue                    
20000050  RGB_SatGreen                   
20000052  RGB_SatRed                     
00000973  RGB_SetBrightness              
00000987  RGB_SetColor                   
00000953  RGB_SetPulse                   
20000054  RGB_State                      
0000129f  RTC_C_IRQHandler               
00000183  ReadTrame                      
00001293  Reset_Handler                  
UNDEFED   SHT$$INIT_ARRAY$$Base          
UNDEFED   SHT$$INIT_ARRAY$$Limit         
0000129f  SVC_Handler                    
0000129f  SysTick_Handler                
20000040  SystemCoreClock                
000005c9  SystemCoreClockUpdate          
0000083d  SystemInit                     
0000129f  T32_INT1_IRQHandler            
0000129f  T32_INT2_IRQHandler            
0000129f  T32_INTC_IRQHandler            
000004bd  TA0_0_IRQHandler               
000004bd  TA0_0_IRQHandler               
0000129f  TA0_N_IRQHandler               
0000129f  TA1_0_IRQHandler               
0000129f  TA1_N_IRQHandler               
0000129f  TA2_0_IRQHandler               
0000129f  TA2_N_IRQHandler               
0000129f  TA3_0_IRQHandler               
0000129f  TA3_N_IRQHandler               
00000de9  UART0_Init                     
0000129f  UsageFault_Handler             
4000480c  WDTCTL_SYM                     
0000129f  WDT_A_IRQHandler               
20010000  __STACK_END                    
00000200  __STACK_SIZE                   
000012e4  __TI_CINIT_Base                
000012f4  __TI_CINIT_Limit               
000012dc  __TI_Handler_Table_Base        
000012e4  __TI_Handler_Table_Limit       
00001069  __TI_auto_init                 
20000014  __TI_cleanup_ptr               
00001285  __TI_decompress_none           
000012a1  __TI_decompress_rle24          
20000018  __TI_dtors_ptr                 
2000001c  __TI_enable_exit_profile_output
ffffffff  __TI_pprof_out_hndl            
ffffffff  __TI_prof_data_size            
ffffffff  __TI_prof_data_start           
00000000  __TI_static_base__             
00000f69  __aeabi_cdcmpeq                
00000f69  __aeabi_cdcmple                
00000bb5  __aeabi_ddiv                   
00000ceb  __aeabi_dmul                   
00000fef  __aeabi_memclr                 
00000fef  __aeabi_memclr4                
00000fef  __aeabi_memclr8                
00000ecd  __aeabi_memcpy                 
00000ecd  __aeabi_memcpy4                
00000ecd  __aeabi_memcpy8                
00000ff1  __aeabi_memset                 
00000ff1  __aeabi_memset4                
00000ff1  __aeabi_memset8                
00001239  __aeabi_ui2d                   
ffffffff  __binit__                      
ffffffff  __c_args__                     
00000de7  __mpu_init                     
2000fe00  __stack                        
00001259  _args_main                     
00001145  _c_int00                       
2000002c  _lock                          
0000127f  _nop                           
00001277  _register_lock                 
00001271  _register_unlock               
00001143  _system_post_cinit             
000012a7  _system_pre_init               
20000030  _unlock                        
0000119d  abort                          
ffffffff  binit                          
000011ed  copy_in                        
000011a5  exit                           
20000024  iPulse                         
0000030d  interface                      
00000000  interruptVectors               
000000e5  main                           
2000003c  main_func_sp                   
00000ecd  memcpy                         
00000ff7  memset                         


GLOBAL SYMBOLS: SORTED BY Symbol Address 

address   name                           
-------   ----                           
00000000  __TI_static_base__             
00000000  interruptVectors               
000000e5  main                           
00000183  ReadTrame                      
000001cd  FSM                            
00000200  __STACK_SIZE                   
0000030d  interface                      
0000041d  PORT1_IRQHandler               
0000041d  PORT1_IRQHandler               
000004bd  TA0_0_IRQHandler               
000004bd  TA0_0_IRQHandler               
000004e7  EUSCIA0_IRQHandler             
000004e7  EUSCIA0_IRQHandler             
000005c9  SystemCoreClockUpdate          
0000083d  SystemInit                     
000008f5  RGB_Init                       
00000953  RGB_SetPulse                   
00000973  RGB_SetBrightness              
00000987  RGB_SetColor                   
00000a01  RGB_HandleColor                
00000bb5  __aeabi_ddiv                   
00000ceb  __aeabi_dmul                   
00000de7  __mpu_init                     
00000de9  UART0_Init                     
00000e43  Puts                           
00000e6b  Putc                           
00000ecd  __aeabi_memcpy                 
00000ecd  __aeabi_memcpy4                
00000ecd  __aeabi_memcpy8                
00000ecd  memcpy                         
00000f69  __aeabi_cdcmpeq                
00000f69  __aeabi_cdcmple                
00000fef  __aeabi_memclr                 
00000fef  __aeabi_memclr4                
00000fef  __aeabi_memclr8                
00000ff1  __aeabi_memset                 
00000ff1  __aeabi_memset4                
00000ff1  __aeabi_memset8                
00000ff7  memset                         
00001069  __TI_auto_init                 
00001143  _system_post_cinit             
00001145  _c_int00                       
00001199  C$$EXIT                        
0000119d  abort                          
000011a5  exit                           
000011ed  copy_in                        
00001239  __aeabi_ui2d                   
00001259  _args_main                     
00001271  _register_unlock               
00001277  _register_lock                 
0000127f  _nop                           
00001285  __TI_decompress_none           
00001293  Reset_Handler                  
0000129f  ADC14_IRQHandler               
0000129f  AES256_IRQHandler              
0000129f  BusFault_Handler               
0000129f  COMP_E0_IRQHandler             
0000129f  COMP_E1_IRQHandler             
0000129f  CS_IRQHandler                  
0000129f  DMA_ERR_IRQHandler             
0000129f  DMA_INT0_IRQHandler            
0000129f  DMA_INT1_IRQHandler            
0000129f  DMA_INT2_IRQHandler            
0000129f  DMA_INT3_IRQHandler            
0000129f  DebugMon_Handler               
0000129f  Default_Handler                
0000129f  EUSCIA1_IRQHandler             
0000129f  EUSCIA2_IRQHandler             
0000129f  EUSCIA3_IRQHandler             
0000129f  EUSCIB0_IRQHandler             
0000129f  EUSCIB1_IRQHandler             
0000129f  EUSCIB2_IRQHandler             
0000129f  EUSCIB3_IRQHandler             
0000129f  FLCTL_IRQHandler               
0000129f  FPU_IRQHandler                 
0000129f  HardFault_Handler              
0000129f  MemManage_Handler              
0000129f  NMI_Handler                    
0000129f  PCM_IRQHandler                 
0000129f  PORT2_IRQHandler               
0000129f  PORT3_IRQHandler               
0000129f  PORT4_IRQHandler               
0000129f  PORT5_IRQHandler               
0000129f  PORT6_IRQHandler               
0000129f  PSS_IRQHandler                 
0000129f  PendSV_Handler                 
0000129f  RTC_C_IRQHandler               
0000129f  SVC_Handler                    
0000129f  SysTick_Handler                
0000129f  T32_INT1_IRQHandler            
0000129f  T32_INT2_IRQHandler            
0000129f  T32_INTC_IRQHandler            
0000129f  TA0_N_IRQHandler               
0000129f  TA1_0_IRQHandler               
0000129f  TA1_N_IRQHandler               
0000129f  TA2_0_IRQHandler               
0000129f  TA2_N_IRQHandler               
0000129f  TA3_0_IRQHandler               
0000129f  TA3_N_IRQHandler               
0000129f  UsageFault_Handler             
0000129f  WDT_A_IRQHandler               
000012a1  __TI_decompress_rle24          
000012a7  _system_pre_init               
000012dc  __TI_Handler_Table_Base        
000012e4  __TI_CINIT_Base                
000012e4  __TI_Handler_Table_Limit       
000012f4  __TI_CINIT_Limit               
20000014  __TI_cleanup_ptr               
20000018  __TI_dtors_ptr                 
2000001c  __TI_enable_exit_profile_output
20000024  iPulse                         
2000002c  _lock                          
20000030  _unlock                        
2000003c  main_func_sp                   
20000040  SystemCoreClock                
20000044  RGB_BrightHigh                 
20000046  RGB_BrightMod                  
20000048  RGB_ColorMod                   
2000004a  RGB_PulseHigh                  
2000004c  RGB_PulseWidth                 
2000004e  RGB_SatBlue                    
20000050  RGB_SatGreen                   
20000052  RGB_SatRed                     
20000054  RGB_State                      
2000fe00  __stack                        
20010000  __STACK_END                    
4000480c  WDTCTL_SYM                     
ffffffff  __TI_pprof_out_hndl            
ffffffff  __TI_prof_data_size            
ffffffff  __TI_prof_data_start           
ffffffff  __binit__                      
ffffffff  __c_args__                     
ffffffff  binit                          
UNDEFED   SHT$$INIT_ARRAY$$Base          
UNDEFED   SHT$$INIT_ARRAY$$Limit         

[135 symbols]
