******************************************************************************
                  TI ARM Linker PC v5.2.4                      
******************************************************************************
>> Linked Fri Jun 26 13:47:56 2015

OUTPUT FILE NAME:   <LED-UART.out>
ENTRY POINT SYMBOL: "_c_int00"  address: 00000c35


MEMORY CONFIGURATION

         name            origin    length      used     unused   attr    fill
----------------------  --------  ---------  --------  --------  ----  --------
  MAIN                  00000000   00040000  00000dc8  0003f238  R  X
  INFO                  00200000   00004000  00000000  00004000  R  X
  SRAM_CODE             01000000   00010000  00000000  00010000  RW X
  SRAM_DATA             20000000   00010000  0000022e  0000fdd2  RW  


SEGMENT ALLOCATION MAP

run origin  load origin   length   init length attrs members
----------  ----------- ---------- ----------- ----- -------
00000000    00000000    00000dc8   00000dc8    r-x
  00000000    00000000    00000144   00000144    r-- .intvecs
  00000144    00000144    00000c4c   00000c4c    r-x .text
  00000d90    00000d90    00000038   00000038    r-- .cinit
20000000    20000000    0000002e   00000000    rw-
  20000000    20000000    0000001c   00000000    rw- .data
  2000001c    2000001c    00000012   00000000    rw- .bss
2000fe00    2000fe00    00000200   00000000    rw-
  2000fe00    2000fe00    00000200   00000000    rw- .stack


SECTION ALLOCATION MAP

 output                                  attributes/
section   page    origin      length       input sections
--------  ----  ----------  ----------   ----------------
.intvecs   0    00000000    00000144     
                  00000000    00000144     msp432_startup_ccs.obj (.intvecs)

.text      0    00000144    00000c4c     
                  00000144    000002c0     RGB.obj (.text)
                  00000404    000002a4     main.obj (.text)
                  000006a8    00000136     rtsv7M4_T_le_v4SPD16_eabi.lib : fd_div_t2.obj (.text)
                  000007de    000000fc                                   : fd_mul_t2.obj (.text)
                  000008da    00000002     --HOLE-- [fill = 0]
                  000008dc    000000e4     MSP432_UART.obj (.text)
                  000009c0    0000009c     rtsv7M4_T_le_v4SPD16_eabi.lib : memcpy_t2.obj (.text)
                  00000a5c    00000086                                   : fd_cmp_t2.obj (.text:__aeabi_cdcmple)
                  00000ae2    0000007a                                   : memset_t2.obj (.text)
                  00000b5c    0000006c                                   : autoinit.obj (.text)
                  00000bc8    0000006a                                   : copy_decompress_rle.obj (.text)
                  00000c32    00000002     --HOLE-- [fill = 0]
                  00000c34    00000050                                   : boot.obj (.text)
                  00000c84    0000004c                                   : cpy_tbl.obj (.text)
                  00000cd0    00000044                                   : exit.obj (.text)
                  00000d14    00000020                                   : u_tofd_t2.obj (.text)
                  00000d34    00000018                                   : args_main.obj (.text)
                  00000d4c    00000014                                   : _lock.obj (.text)
                  00000d60    0000000e                                   : copy_decompress_none.obj (.text:decompress:none)
                  00000d6e    0000000c                                   : copy_zero_init.obj (.text:decompress:ZI)
                  00000d7a    0000000c     msp432_startup_ccs.obj (.text)
                  00000d86    00000006     rtsv7M4_T_le_v4SPD16_eabi.lib : copy_decompress_rle.obj (.text:decompress:rle24)
                  00000d8c    00000004                                   : pre_init.obj (.text)

.cinit     0    00000d90    00000038     
                  00000d90    0000000f     (.cinit..data.load) [load image, compression = rle]
                  00000d9f    00000001     --HOLE-- [fill = 0]
                  00000da0    0000000c     (__TI_handler_table)
                  00000dac    00000004     --HOLE-- [fill = 0]
                  00000db0    00000008     (.cinit..bss.load) [load image, compression = zero_init]
                  00000db8    00000010     (__TI_cinit_table)

.data      0    20000000    0000001c     UNINITIALIZED
                  20000000    00000008     rtsv7M4_T_le_v4SPD16_eabi.lib : _lock.obj (.data)
                  20000008    00000008                                   : exit.obj (.data)
                  20000010    00000006     RGB.obj (.data)
                  20000016    00000002     --HOLE--
                  20000018    00000004     rtsv7M4_T_le_v4SPD16_eabi.lib : stkdepth_vars.obj (.data)

.bss       0    2000001c    00000012     UNINITIALIZED
                  2000001c    00000002     (.common:RGB_BrightHigh)
                  2000001e    00000002     (.common:RGB_BrightMod)
                  20000020    00000002     (.common:RGB_ColorMod)
                  20000022    00000002     (.common:RGB_PulseHigh)
                  20000024    00000002     (.common:RGB_PulseWidth)
                  20000026    00000002     (.common:RGB_SatBlue)
                  20000028    00000002     (.common:RGB_SatGreen)
                  2000002a    00000002     (.common:RGB_SatRed)
                  2000002c    00000002     (.common:RGB_State)

.TI.persistent 
*          0    20000000    00000000     UNINITIALIZED

.TI.noinit 
*          0    2000001c    00000000     UNINITIALIZED

.stack     0    2000fe00    00000200     UNINITIALIZED
                  2000fe00    00000200     --HOLE--


LINKER GENERATED COPY TABLES

__TI_cinit_table @ 00000db8 records: 2, size/record: 8, table size: 16
	.data: load addr=00000d90, load size=0000000f bytes, run addr=20000000, run size=0000001c bytes, compression=rle
	.bss: load addr=00000db0, load size=00000008 bytes, run addr=2000001c, run size=00000012 bytes, compression=zero_init


LINKER GENERATED HANDLER TABLE

__TI_handler_table @ 00000da0 records: 3, size/record: 4, table size: 12
	index: 0, handler: __TI_decompress_rle24
	index: 1, handler: __TI_decompress_none
	index: 2, handler: __TI_zero_init


GLOBAL SYMBOLS: SORTED ALPHABETICALLY BY Name 

address   name                    
-------   ----                    
00000cd1  C$$EXIT                 
00000543  Port1Handler            
0000095f  Putc                    
00000937  Puts                    
2000001c  RGB_BrightHigh          
2000001e  RGB_BrightMod           
20000020  RGB_ColorMod            
00000251  RGB_HandleColor         
00000145  RGB_Init                
20000022  RGB_PulseHigh           
20000024  RGB_PulseWidth          
20000026  RGB_SatBlue             
20000028  RGB_SatGreen            
2000002a  RGB_SatRed              
000001c3  RGB_SetBrightness       
000001d7  RGB_SetColor            
000001a3  RGB_SetPulse            
2000002c  RGB_State               
UNDEFED   SHT$$INIT_ARRAY$$Base   
UNDEFED   SHT$$INIT_ARRAY$$Limit  
000005d1  TimerA0_0IsrHandler     
000008dd  UART0_Init              
4000480c  WDTCTL_SYM              
20010000  __STACK_END             
00000200  __STACK_SIZE            
00000db8  __TI_CINIT_Base         
00000dc8  __TI_CINIT_Limit        
00000da0  __TI_Handler_Table_Base 
00000dac  __TI_Handler_Table_Limit
00000b5d  __TI_auto_init          
20000008  __TI_cleanup_ptr        
00000d61  __TI_decompress_none    
00000d87  __TI_decompress_rle24   
2000000c  __TI_dtors_ptr          
00000000  __TI_static_base__      
00000d6f  __TI_zero_init          
00000a5d  __aeabi_cdcmpeq         
00000a5d  __aeabi_cdcmple         
000006a9  __aeabi_ddiv            
000007df  __aeabi_dmul            
00000ae3  __aeabi_memclr          
00000ae3  __aeabi_memclr4         
00000ae3  __aeabi_memclr8         
000009c1  __aeabi_memcpy          
000009c1  __aeabi_memcpy4         
000009c1  __aeabi_memcpy8         
00000ae5  __aeabi_memset          
00000ae5  __aeabi_memset4         
00000ae5  __aeabi_memset8         
00000d15  __aeabi_ui2d            
ffffffff  __binit__               
ffffffff  __c_args__              
2000fe00  __stack                 
00000d35  _args_main              
00000c35  _c_int00                
20000000  _lock                   
00000d5b  _nop                    
00000d53  _register_lock          
00000d4d  _register_unlock        
00000d8d  _system_pre_init        
20000004  _unlock                 
00000cd5  abort                   
ffffffff  binit                   
00000c85  copy_in                 
000005e3  eUSCIA0IsrHandler       
00000cdd  exit                    
00000493  interface               
00000000  interruptVectors        
00000405  main                    
20000018  main_func_sp            
000009c1  memcpy                  
00000aeb  memset                  


GLOBAL SYMBOLS: SORTED BY Symbol Address 

address   name                    
-------   ----                    
00000000  __TI_static_base__      
00000000  interruptVectors        
00000145  RGB_Init                
000001a3  RGB_SetPulse            
000001c3  RGB_SetBrightness       
000001d7  RGB_SetColor            
00000200  __STACK_SIZE            
00000251  RGB_HandleColor         
00000405  main                    
00000493  interface               
00000543  Port1Handler            
000005d1  TimerA0_0IsrHandler     
000005e3  eUSCIA0IsrHandler       
000006a9  __aeabi_ddiv            
000007df  __aeabi_dmul            
000008dd  UART0_Init              
00000937  Puts                    
0000095f  Putc                    
000009c1  __aeabi_memcpy          
000009c1  __aeabi_memcpy4         
000009c1  __aeabi_memcpy8         
000009c1  memcpy                  
00000a5d  __aeabi_cdcmpeq         
00000a5d  __aeabi_cdcmple         
00000ae3  __aeabi_memclr          
00000ae3  __aeabi_memclr4         
00000ae3  __aeabi_memclr8         
00000ae5  __aeabi_memset          
00000ae5  __aeabi_memset4         
00000ae5  __aeabi_memset8         
00000aeb  memset                  
00000b5d  __TI_auto_init          
00000c35  _c_int00                
00000c85  copy_in                 
00000cd1  C$$EXIT                 
00000cd5  abort                   
00000cdd  exit                    
00000d15  __aeabi_ui2d            
00000d35  _args_main              
00000d4d  _register_unlock        
00000d53  _register_lock          
00000d5b  _nop                    
00000d61  __TI_decompress_none    
00000d6f  __TI_zero_init          
00000d87  __TI_decompress_rle24   
00000d8d  _system_pre_init        
00000da0  __TI_Handler_Table_Base 
00000dac  __TI_Handler_Table_Limit
00000db8  __TI_CINIT_Base         
00000dc8  __TI_CINIT_Limit        
20000000  _lock                   
20000004  _unlock                 
20000008  __TI_cleanup_ptr        
2000000c  __TI_dtors_ptr          
20000018  main_func_sp            
2000001c  RGB_BrightHigh          
2000001e  RGB_BrightMod           
20000020  RGB_ColorMod            
20000022  RGB_PulseHigh           
20000024  RGB_PulseWidth          
20000026  RGB_SatBlue             
20000028  RGB_SatGreen            
2000002a  RGB_SatRed              
2000002c  RGB_State               
2000fe00  __stack                 
20010000  __STACK_END             
4000480c  WDTCTL_SYM              
ffffffff  __binit__               
ffffffff  __c_args__              
ffffffff  binit                   
UNDEFED   SHT$$INIT_ARRAY$$Base   
UNDEFED   SHT$$INIT_ARRAY$$Limit  

[72 symbols]
